[2026-03-17 02:17:54] [INFO   ]  Custom Logger Initialized 
[2026-03-17 02:17:54] [INFO   ] [NOTICE] TerraformGenerator will suppress the server's watchdog while generating chunks to prevent unnecessary stacktrace warnings. Unless you specifically need thewatchdog now (to take aikar timings or debug lag), you don't need to take any action. 
[2026-03-17 02:17:54] [INFO   ] It is recommended to pregenerate to reduce lag problems. 
[2026-03-17 02:17:54] [INFO   ] Watchdog Thread hooked. 
[2026-03-17 02:17:54] [INFO   ]  bStats Metrics enabled. 
[2026-03-17 02:17:54] [INFO   ]  Detected version: v1_21_R7, packName: v1_21_R7 
[2026-03-17 02:17:54] [INFO   ] Unfreezing biome registry... 
[2026-03-17 02:17:54] [INFO   ] Registered custom biome: muddy_bog 
[2026-03-17 02:17:54] [INFO   ] Registered custom biome: cherry_grove 
[2026-03-17 02:17:54] [INFO   ] Registered custom biome: scarlet_forest 
[2026-03-17 02:17:54] [INFO   ] Registered custom biome: crystalline_cluster 
[2026-03-17 02:17:54] [INFO   ] Freezing biome registry 
[2026-03-17 02:17:54] [INFO   ] [Structure Registry] Registered Large Structure: VillageHousePopulator 
[2026-03-17 02:17:54] [INFO   ] [Structure Registry] Registered Large Structure: VillagePopulator 
[2026-03-17 02:17:54] [INFO   ] [Structure Registry] Registered Large Structure: OutpostPopulator 
[2026-03-17 02:17:54] [INFO   ] [Structure Registry] Registered Large Structure: PyramidPopulator 
[2026-03-17 02:17:54] [INFO   ] [Structure Registry] Registered Large Structure: MonumentPopulator 
[2026-03-17 02:17:54] [INFO   ] [Structure Registry] Registered Large Structure: StrongholdPopulator 
[2026-03-17 02:17:54] [INFO   ] [Structure Registry] Registered Large Structure: MansionPopulator 
[2026-03-17 02:17:54] [INFO   ] [Structure Registry] Registered Large Structure: AncientCityPopulator 
[2026-03-17 02:17:54] [INFO   ] [Structure Registry] Registered Large Structure: TrialChamberPopulator 
[2026-03-17 02:17:54] [INFO   ] [Structure Registry] Registered Large Structure: LargeCavePopulator 
[2026-03-17 02:17:54] [INFO   ] [Structure Registry] Registered Large Structure: MineshaftPopulator 
[2026-03-17 02:17:54] [INFO   ] [Structure Registry] Registered Large Structure: CatacombsPopulator 
[2026-03-17 02:17:54] [INFO   ] [Structure Registry] Registered Large Structure: BadlandsMinePopulator 
[2026-03-17 02:17:54] [INFO   ] [Structure Registry] Registered Large Structure: WarmOceanRuinsPopulator 
[2026-03-17 02:17:54] [INFO   ] [Structure Registry] Registered Large Structure: TrailRuinsPopulator 
[2026-03-17 02:17:54] [INFO   ] [Structure Registry] Registered Small Structure: SmallDungeonPopulator 
[2026-03-17 02:17:54] [INFO   ] [Structure Registry] Registered Small Structure: ShipwreckPopulator 
[2026-03-17 02:17:54] [INFO   ] [Structure Registry] Registered Small Structure: BuriedTreasurePopulator 
[2026-03-17 02:17:54] [INFO   ] [Structure Registry] Registered Small Structure: RuinedPortalPopulator 
[2026-03-17 02:17:54] [INFO   ] [Structure Registry] Registered Small Structure: IglooPopulator 
[2026-03-17 02:17:54] [INFO   ] [Structure Registry] Registered Small Structure: DesertWellPopulator 
[2026-03-17 02:17:54] [INFO   ] [Structure Registry] Registered Small Structure: WitchHutPopulator 
